// Vitest Snapshot v1, https://vitest.dev/guide/snapshot.html

exports[`Error warning should render correctly 1`] = `
<template>
  <ion-alert
    header="Warning"
    is-open={true}
    message="Something went wrong."
  />
</template>
`;

exports[`Loading indicator should render correctly 1`] = `
<ion-grid>
  <ion-row>
    <ion-img
      src="/images/loading.png"
    />
  </ion-row>
  <ion-row>
    <ion-spinner
      color="primary"
    />
  </ion-row>
  <ion-row>
    <ion-text>
      Loading information
    </ion-text>
  </ion-row>
  <ion-row>
    <ion-text>
      This image was generated by Microsoft CoPilot.
    </ion-text>
  </ion-row>
</ion-grid>
`;
